2026-03-03 22:51:24,218 - google_auth_oauthlib.flow - INFO - Please visit this URL to authorize this application: https://accounts.google.com/o/oauth2/auth?response_type=code&client_id=295166291111-cf2h1glb2mr3mt4tk5idjl4iourkqhn2.apps.googleusercontent.com&redirect_uri=http%3A%2F%2Flocalhost%3A50206%2F&scope=https%3A%2F%2Fwww.googleapis.com%2Fauth%2Fgmail.readonly&state=YdYJ1AK0s6zdwoXqnrGWFPInekykg0&code_challenge=T9XmJCgv9QPp3ZuxSu_ggA4CpDjM63rPEL77eh1luhA&code_challenge_method=S256&access_type=offline
2026-03-03 22:55:03,252 - googleapiclient.discovery_cache - INFO - file_cache is only supported with oauth2client<4.0.0
2026-03-03 22:55:03,266 - GmailWatcher - INFO - Gmail Watcher initialized (credentials: E:\Personal-AI-Employee-Hackathon-0-FTEs\credentails.json)
2026-03-03 22:55:03,332 - GmailWatcher - INFO - Starting GmailWatcher
2026-03-03 22:55:03,335 - GmailWatcher - INFO - Vault path: AI_Employee_Vault
2026-03-03 22:55:03,335 - GmailWatcher - INFO - Check interval: 30s
2026-03-03 22:55:03,339 - GmailWatcher - INFO - Dry run: False
2026-03-03 22:55:04,967 - GmailWatcher - INFO - Found 2 new item(s)
2026-03-03 22:55:05,041 - GmailWatcher - INFO - Created action file: EMAIL_19cb4d68_20260303_225504.md
2026-03-03 22:55:05,048 - GmailWatcher - INFO - Created action file: EMAIL_19cb4d30_20260303_225505.md
2026-03-03 22:56:08,248 - GmailWatcher - INFO - Watcher stopped by user
2026-03-03 22:56:08,248 - GmailWatcher - INFO - ==================================================
2026-03-03 22:56:08,249 - GmailWatcher - INFO - Watcher Statistics:
2026-03-03 22:56:08,249 - GmailWatcher - INFO -   Runtime: 0:01:07.211036
2026-03-03 22:56:08,249 - GmailWatcher - INFO -   Items processed: 2
2026-03-03 22:56:08,249 - GmailWatcher - INFO -   Files created: 2
2026-03-03 22:56:08,249 - GmailWatcher - INFO -   Errors: 0
2026-03-03 22:56:08,249 - GmailWatcher - INFO - ==================================================
2026-03-03 23:10:23,601 - googleapiclient.discovery_cache - INFO - file_cache is only supported with oauth2client<4.0.0
2026-03-03 23:10:23,601 - GmailWatcher - INFO - Gmail Watcher initialized (credentials: E:\Personal-AI-Employee-Hackathon-0-FTEs\credentails.json)
2026-03-03 23:10:23,613 - GmailWatcher - INFO - Starting GmailWatcher
2026-03-03 23:10:23,615 - GmailWatcher - INFO - Vault path: AI_Employee_Vault
2026-03-03 23:10:23,615 - GmailWatcher - INFO - Check interval: 30s
2026-03-03 23:10:23,615 - GmailWatcher - INFO - Dry run: False
2026-03-03 23:11:27,152 - GmailWatcher - INFO - Found 1 new item(s)
2026-03-03 23:11:27,215 - GmailWatcher - INFO - Created action file: EMAIL_19cb4e56_20260303_231127.md
2026-03-03 23:11:31,189 - GmailWatcher - INFO - Watcher stopped by user
2026-03-03 23:11:31,189 - GmailWatcher - INFO - ==================================================
2026-03-03 23:11:31,193 - GmailWatcher - INFO - Watcher Statistics:
2026-03-03 23:11:31,193 - GmailWatcher - INFO -   Runtime: 0:01:12.044192
2026-03-03 23:11:31,194 - GmailWatcher - INFO -   Items processed: 1
2026-03-03 23:11:31,195 - GmailWatcher - INFO -   Files created: 1
2026-03-03 23:11:31,195 - GmailWatcher - INFO -   Errors: 0
2026-03-03 23:11:31,195 - GmailWatcher - INFO - ==================================================
2026-03-03 23:20:25,088 - googleapiclient.discovery_cache - INFO - file_cache is only supported with oauth2client<4.0.0
2026-03-03 23:20:25,088 - GmailWatcher - INFO - Gmail Watcher initialized (credentials: E:\Personal-AI-Employee-Hackathon-0-FTEs\credentails.json)
2026-03-03 23:20:25,088 - GmailWatcher - INFO - Starting GmailWatcher
2026-03-03 23:20:25,088 - GmailWatcher - INFO - Vault path: AI_Employee_Vault
2026-03-03 23:20:25,088 - GmailWatcher - INFO - Check interval: 30s
2026-03-03 23:20:25,103 - GmailWatcher - INFO - Dry run: False
2026-03-03 23:20:27,323 - GmailWatcher - INFO - Found 1 new item(s)
2026-03-03 23:20:27,326 - GmailWatcher - INFO - Created action file: EMAIL_19cb4edd_20260303_232027.md
2026-03-03 23:20:34,529 - GmailWatcher - INFO - Watcher stopped by user
2026-03-03 23:20:34,530 - GmailWatcher - INFO - ==================================================
2026-03-03 23:20:34,532 - GmailWatcher - INFO - Watcher Statistics:
2026-03-03 23:20:34,534 - GmailWatcher - INFO -   Runtime: 0:00:11.576138
2026-03-03 23:20:34,534 - GmailWatcher - INFO -   Items processed: 1
2026-03-03 23:20:34,536 - GmailWatcher - INFO -   Files created: 1
2026-03-03 23:20:34,536 - GmailWatcher - INFO -   Errors: 0
2026-03-03 23:20:34,536 - GmailWatcher - INFO - ==================================================
