2026-03-11 14:52:27,842 - google_auth_oauthlib.flow - INFO - Please visit this URL to authorize this application: https://accounts.google.com/o/oauth2/auth?response_type=code&client_id=295166291111-cf2h1glb2mr3mt4tk5idjl4iourkqhn2.apps.googleusercontent.com&redirect_uri=http%3A%2F%2Flocalhost%3A61642%2F&scope=https%3A%2F%2Fwww.googleapis.com%2Fauth%2Fgmail.readonly+https%3A%2F%2Fwww.googleapis.com%2Fauth%2Fgmail.send+https%3A%2F%2Fwww.googleapis.com%2Fauth%2Fgmail.compose&state=xf1Yly7yvDyZEElhjxfzPlLB4xA7Hr&code_challenge=YRXK-LW2alzuX0TBZC1hKh1jj4tQ049XAhu6jaHQsTo&code_challenge_method=S256&access_type=offline
2026-03-11 14:58:02,772 - googleapiclient.discovery_cache - INFO - file_cache is only supported with oauth2client<4.0.0
2026-03-11 14:58:02,788 - GmailWatcher - INFO - Gmail Watcher initialized (credentials: E:\Personal-AI-Employee-Hackathon-0-FTEs\Silver-Tier\credentails.json)
2026-03-11 14:58:02,788 - GmailWatcher - INFO - Starting GmailWatcher
2026-03-11 14:58:02,788 - GmailWatcher - INFO - Vault path: E:\Personal-AI-Employee-Hackathon-0-FTEs\Silver-Tier\AI_Employee_Vault
2026-03-11 14:58:02,788 - GmailWatcher - INFO - Check interval: 120s
2026-03-11 14:58:02,788 - GmailWatcher - INFO - Dry run: False
2026-03-11 14:58:04,678 - GmailWatcher - INFO - Found 2 new item(s)
2026-03-11 14:58:04,681 - GmailWatcher - INFO - Created action file: EMAIL_19cdc509_20260311_145804.md
2026-03-11 14:58:04,681 - GmailWatcher - INFO - Created action file: EMAIL_19cdc4f8_20260311_145804.md
2026-03-11 14:58:12,222 - GmailWatcher - INFO - Watcher stopped by user
2026-03-11 14:58:12,222 - GmailWatcher - INFO - ==================================================
2026-03-11 14:58:12,222 - GmailWatcher - INFO - Watcher Statistics:
2026-03-11 14:58:12,222 - GmailWatcher - INFO -   Runtime: 0:00:12.374154
2026-03-11 14:58:12,222 - GmailWatcher - INFO -   Items processed: 2
2026-03-11 14:58:12,222 - GmailWatcher - INFO -   Files created: 2
2026-03-11 14:58:12,222 - GmailWatcher - INFO -   Errors: 0
2026-03-11 14:58:12,222 - GmailWatcher - INFO - ==================================================
2026-03-11 15:00:02,610 - googleapiclient.discovery_cache - INFO - file_cache is only supported with oauth2client<4.0.0
2026-03-11 15:00:02,619 - GmailWatcher - INFO - Gmail Watcher initialized (credentials: E:\Personal-AI-Employee-Hackathon-0-FTEs\Silver-Tier\credentails.json)
2026-03-11 15:00:02,619 - GmailWatcher - INFO - Starting GmailWatcher
2026-03-11 15:00:02,622 - GmailWatcher - INFO - Vault path: E:\Personal-AI-Employee-Hackathon-0-FTEs\Silver-Tier\AI_Employee_Vault
2026-03-11 15:00:02,623 - GmailWatcher - INFO - Check interval: 120s
2026-03-11 15:00:02,624 - GmailWatcher - INFO - Dry run: False
2026-03-11 15:04:02,537 - googleapiclient.discovery_cache - INFO - file_cache is only supported with oauth2client<4.0.0
2026-03-11 15:04:02,553 - GmailWatcher - INFO - Gmail Watcher initialized (credentials: E:\Personal-AI-Employee-Hackathon-0-FTEs\Silver-Tier\credentails.json)
2026-03-11 15:04:02,553 - GmailWatcher - INFO - Starting GmailWatcher
2026-03-11 15:04:02,553 - GmailWatcher - INFO - Vault path: E:\Personal-AI-Employee-Hackathon-0-FTEs\Silver-Tier\AI_Employee_Vault
2026-03-11 15:04:02,553 - GmailWatcher - INFO - Check interval: 120s
2026-03-11 15:04:02,553 - GmailWatcher - INFO - Dry run: False
2026-03-11 15:06:02,076 - googleapiclient.discovery_cache - INFO - file_cache is only supported with oauth2client<4.0.0
2026-03-11 15:06:02,076 - GmailWatcher - INFO - Gmail Watcher initialized (credentials: E:\Personal-AI-Employee-Hackathon-0-FTEs\Silver-Tier\credentails.json)
2026-03-11 15:06:02,076 - GmailWatcher - INFO - Starting GmailWatcher
2026-03-11 15:06:02,076 - GmailWatcher - INFO - Vault path: E:\Personal-AI-Employee-Hackathon-0-FTEs\Silver-Tier\AI_Employee_Vault
2026-03-11 15:06:02,076 - GmailWatcher - INFO - Check interval: 120s
2026-03-11 15:06:02,076 - GmailWatcher - INFO - Dry run: False
2026-03-11 15:10:15,649 - googleapiclient.discovery_cache - INFO - file_cache is only supported with oauth2client<4.0.0
2026-03-11 15:10:15,667 - GmailWatcher - INFO - Gmail Watcher initialized (credentials: E:\Personal-AI-Employee-Hackathon-0-FTEs\Silver-Tier\credentails.json)
2026-03-11 15:10:15,667 - GmailWatcher - INFO - Starting GmailWatcher
2026-03-11 15:10:15,667 - GmailWatcher - INFO - Vault path: E:\Personal-AI-Employee-Hackathon-0-FTEs\Silver-Tier\AI_Employee_Vault
2026-03-11 15:10:15,667 - GmailWatcher - INFO - Check interval: 120s
2026-03-11 15:10:15,667 - GmailWatcher - INFO - Dry run: False
2026-03-11 15:10:17,341 - GmailWatcher - INFO - Found 1 new item(s)
2026-03-11 15:10:17,344 - GmailWatcher - INFO - Created action file: EMAIL_19cdc5f8_20260311_151017.md
2026-03-11 15:10:39,675 - GmailWatcher - INFO - Watcher stopped by user
2026-03-11 15:10:39,675 - GmailWatcher - INFO - ==================================================
2026-03-11 15:10:39,675 - GmailWatcher - INFO - Watcher Statistics:
2026-03-11 15:10:39,675 - GmailWatcher - INFO -   Runtime: 0:00:26.211478
2026-03-11 15:10:39,675 - GmailWatcher - INFO -   Items processed: 1
2026-03-11 15:10:39,675 - GmailWatcher - INFO -   Files created: 1
2026-03-11 15:10:39,675 - GmailWatcher - INFO -   Errors: 0
2026-03-11 15:10:39,675 - GmailWatcher - INFO - ==================================================
2026-03-11 15:14:03,586 - googleapiclient.discovery_cache - INFO - file_cache is only supported with oauth2client<4.0.0
2026-03-11 15:14:03,592 - GmailWatcher - INFO - Gmail Watcher initialized (credentials: E:\Personal-AI-Employee-Hackathon-0-FTEs\Silver-Tier\credentails.json)
2026-03-11 15:14:03,592 - GmailWatcher - INFO - Starting GmailWatcher
2026-03-11 15:14:03,592 - GmailWatcher - INFO - Vault path: E:\Personal-AI-Employee-Hackathon-0-FTEs\Silver-Tier\AI_Employee_Vault
2026-03-11 15:14:03,592 - GmailWatcher - INFO - Check interval: 120s
2026-03-11 15:14:03,592 - GmailWatcher - INFO - Dry run: False
2026-03-11 15:16:02,267 - googleapiclient.discovery_cache - INFO - file_cache is only supported with oauth2client<4.0.0
2026-03-11 15:16:02,267 - GmailWatcher - INFO - Gmail Watcher initialized (credentials: E:\Personal-AI-Employee-Hackathon-0-FTEs\Silver-Tier\credentails.json)
2026-03-11 15:16:02,273 - GmailWatcher - INFO - Starting GmailWatcher
2026-03-11 15:16:02,273 - GmailWatcher - INFO - Vault path: E:\Personal-AI-Employee-Hackathon-0-FTEs\Silver-Tier\AI_Employee_Vault
2026-03-11 15:16:02,273 - GmailWatcher - INFO - Check interval: 120s
2026-03-11 15:16:02,273 - GmailWatcher - INFO - Dry run: False
2026-03-11 17:09:47,232 - google_auth_oauthlib.flow - INFO - Please visit this URL to authorize this application: https://accounts.google.com/o/oauth2/auth?response_type=code&client_id=295166291111-cf2h1glb2mr3mt4tk5idjl4iourkqhn2.apps.googleusercontent.com&redirect_uri=http%3A%2F%2Flocalhost%3A52536%2F&scope=https%3A%2F%2Fwww.googleapis.com%2Fauth%2Fgmail.readonly+https%3A%2F%2Fwww.googleapis.com%2Fauth%2Fgmail.send+https%3A%2F%2Fwww.googleapis.com%2Fauth%2Fgmail.compose&state=fpcw7X2RmN0lLon6oVT3XlfbJgx3wX&code_challenge=A2z5jstwCM4Z60aiZH_50QVSradRDonkgPwggaaU4PY&code_challenge_method=S256&access_type=offline
2026-03-11 22:44:07,258 - google_auth_oauthlib.flow - INFO - Please visit this URL to authorize this application: https://accounts.google.com/o/oauth2/auth?response_type=code&client_id=295166291111-cf2h1glb2mr3mt4tk5idjl4iourkqhn2.apps.googleusercontent.com&redirect_uri=http%3A%2F%2Flocalhost%3A58010%2F&scope=https%3A%2F%2Fwww.googleapis.com%2Fauth%2Fgmail.readonly+https%3A%2F%2Fwww.googleapis.com%2Fauth%2Fgmail.send+https%3A%2F%2Fwww.googleapis.com%2Fauth%2Fgmail.compose&state=2wqNieDJOuYIwVvfuNs7IW0tAJ4A1z&code_challenge=SqOLnMOyAL4RNsLfyMDxkTL4U4ZB_ycBcam90t0PeZo&code_challenge_method=S256&access_type=offline
2026-03-11 23:14:04,820 - google_auth_oauthlib.flow - INFO - Please visit this URL to authorize this application: https://accounts.google.com/o/oauth2/auth?response_type=code&client_id=295166291111-cf2h1glb2mr3mt4tk5idjl4iourkqhn2.apps.googleusercontent.com&redirect_uri=http%3A%2F%2Flocalhost%3A60817%2F&scope=https%3A%2F%2Fwww.googleapis.com%2Fauth%2Fgmail.readonly+https%3A%2F%2Fwww.googleapis.com%2Fauth%2Fgmail.send+https%3A%2F%2Fwww.googleapis.com%2Fauth%2Fgmail.compose&state=Nnt0GUERGdGxk9joAm35lbNDsJHquS&code_challenge=nHrF3lF7qdcOvqQ6623jvc6j8XpT8JJe5662mu3lCac&code_challenge_method=S256&access_type=offline
2026-03-11 23:16:06,029 - google_auth_oauthlib.flow - INFO - Please visit this URL to authorize this application: https://accounts.google.com/o/oauth2/auth?response_type=code&client_id=295166291111-cf2h1glb2mr3mt4tk5idjl4iourkqhn2.apps.googleusercontent.com&redirect_uri=http%3A%2F%2Flocalhost%3A62165%2F&scope=https%3A%2F%2Fwww.googleapis.com%2Fauth%2Fgmail.readonly+https%3A%2F%2Fwww.googleapis.com%2Fauth%2Fgmail.send+https%3A%2F%2Fwww.googleapis.com%2Fauth%2Fgmail.compose&state=AjznvOXtZv491iAVyn73xSrJDpAr2l&code_challenge=IqriLxP7GmPpqE8Iy5NOhFIRqIEWggDAK_qcuOJjROA&code_challenge_method=S256&access_type=offline
2026-03-11 23:16:16,849 - google_auth_oauthlib.flow - INFO - "GET /?state=AjznvOXtZv491iAVyn73xSrJDpAr2l&iss=https://accounts.google.com&code=4/0AfrIepBk0OKZz1vjAL1t8qFFMD0sagL7J72AdWEEM5hLzq86-HHe98dCTKv1rZ0nM2WeRQ&scope=https://www.googleapis.com/auth/gmail.readonly%20https://www.googleapis.com/auth/gmail.send%20https://www.googleapis.com/auth/gmail.compose HTTP/1.1" 200 65
2026-03-11 23:16:17,706 - GmailWatcher - INFO - Gmail authentication successful (with send permissions)
2026-03-11 23:16:17,781 - googleapiclient.discovery_cache - INFO - file_cache is only supported with oauth2client<4.0.0
2026-03-11 23:16:17,839 - GmailWatcher - INFO - Gmail Watcher initialized (credentials: E:\Personal-AI-Employee-Hackathon-0-FTEs\Silver-Tier\credentails.json)
2026-03-11 23:16:17,839 - GmailWatcher - INFO - Starting GmailWatcher
2026-03-11 23:16:17,839 - GmailWatcher - INFO - Vault path: E:\Personal-AI-Employee-Hackathon-0-FTEs\Silver-Tier\AI_Employee_Vault
2026-03-11 23:16:17,839 - GmailWatcher - INFO - Check interval: 120s
2026-03-11 23:16:17,844 - GmailWatcher - INFO - Dry run: False
2026-03-11 23:16:20,000 - GmailWatcher - INFO - Found 1 new item(s)
2026-03-11 23:16:20,005 - GmailWatcher - INFO - Created action file: EMAIL_19cdd6c0_20260311_231620.md
2026-03-11 23:16:40,736 - GmailWatcher - INFO - Watcher stopped by user
2026-03-11 23:16:40,739 - GmailWatcher - INFO - ==================================================
2026-03-11 23:16:40,739 - GmailWatcher - INFO - Watcher Statistics:
2026-03-11 23:16:40,740 - GmailWatcher - INFO -   Runtime: 0:00:39.944142
2026-03-11 23:16:40,740 - GmailWatcher - INFO -   Items processed: 1
2026-03-11 23:16:40,740 - GmailWatcher - INFO -   Files created: 1
2026-03-11 23:16:40,740 - GmailWatcher - INFO -   Errors: 0
2026-03-11 23:16:40,740 - GmailWatcher - INFO - ==================================================
2026-03-11 23:20:03,001 - googleapiclient.discovery_cache - INFO - file_cache is only supported with oauth2client<4.0.0
2026-03-11 23:20:03,019 - GmailWatcher - INFO - Gmail Watcher initialized (credentials: E:\Personal-AI-Employee-Hackathon-0-FTEs\Silver-Tier\credentails.json)
2026-03-11 23:20:03,080 - GmailWatcher - INFO - Starting GmailWatcher
2026-03-11 23:20:03,080 - GmailWatcher - INFO - Vault path: E:\Personal-AI-Employee-Hackathon-0-FTEs\Silver-Tier\AI_Employee_Vault
2026-03-11 23:20:03,080 - GmailWatcher - INFO - Check interval: 120s
2026-03-11 23:20:03,080 - GmailWatcher - INFO - Dry run: False
2026-03-11 23:21:19,888 - GmailWatcher - INFO - Watcher stopped by user
2026-03-11 23:21:19,888 - GmailWatcher - INFO - ==================================================
2026-03-11 23:21:19,888 - GmailWatcher - INFO - Watcher Statistics:
2026-03-11 23:21:19,890 - GmailWatcher - INFO -   Runtime: 0:01:19.116231
2026-03-11 23:21:19,890 - GmailWatcher - INFO -   Items processed: 0
2026-03-11 23:21:19,890 - GmailWatcher - INFO -   Files created: 0
2026-03-11 23:21:19,890 - GmailWatcher - INFO -   Errors: 0
2026-03-11 23:21:19,890 - GmailWatcher - INFO - ==================================================
2026-03-11 23:22:01,998 - googleapiclient.discovery_cache - INFO - file_cache is only supported with oauth2client<4.0.0
2026-03-11 23:22:02,003 - GmailWatcher - INFO - Gmail Watcher initialized (credentials: E:\Personal-AI-Employee-Hackathon-0-FTEs\Silver-Tier\credentails.json)
2026-03-11 23:22:02,006 - GmailWatcher - INFO - Starting GmailWatcher
2026-03-11 23:22:02,006 - GmailWatcher - INFO - Vault path: E:\Personal-AI-Employee-Hackathon-0-FTEs\Silver-Tier\AI_Employee_Vault
2026-03-11 23:22:02,006 - GmailWatcher - INFO - Check interval: 120s
2026-03-11 23:22:02,006 - GmailWatcher - INFO - Dry run: False
2026-03-11 23:22:03,948 - GmailWatcher - INFO - Found 1 new item(s)
2026-03-11 23:22:03,954 - GmailWatcher - INFO - Created action file: EMAIL_19cde220_20260311_232203.md
2026-03-11 23:44:10,701 - GmailWatcher - INFO - Found 1 new item(s)
2026-03-11 23:44:10,712 - GmailWatcher - INFO - Created action file: EMAIL_19cde35e_20260311_234410.md
2026-03-12 00:43:28,778 - GmailWatcher - ERROR - Error checking Gmail: Unable to find the server at oauth2.googleapis.com
2026-03-12 08:20:28,694 - GmailWatcher - ERROR - Error checking Gmail: Unable to find the server at oauth2.googleapis.com
2026-03-12 08:35:32,965 - GmailWatcher - ERROR - Error checking Gmail: Unable to find the server at oauth2.googleapis.com
2026-03-12 08:52:16,033 - GmailWatcher - ERROR - Error checking Gmail: Unable to find the server at oauth2.googleapis.com
2026-03-12 08:54:17,851 - GmailWatcher - ERROR - Error checking Gmail: EOF occurred in violation of protocol (_ssl.c:2427)
2026-03-12 08:56:20,324 - GmailWatcher - INFO - Found 1 new item(s)
2026-03-12 08:56:20,428 - GmailWatcher - INFO - Created action file: EMAIL_19cdf9a8_20260312_085620.md
2026-03-12 10:29:29,352 - GmailWatcher - INFO - Found 1 new item(s)
2026-03-12 10:29:29,391 - GmailWatcher - INFO - Created action file: EMAIL_19ce0854_20260312_102929.md
2026-03-12 10:35:31,422 - GmailWatcher - INFO - Found 1 new item(s)
2026-03-12 10:35:31,443 - GmailWatcher - INFO - Created action file: EMAIL_19ce089d_20260312_103531.md
2026-03-12 10:39:32,942 - GmailWatcher - INFO - Found 1 new item(s)
2026-03-12 10:39:32,955 - GmailWatcher - INFO - Created action file: EMAIL_19ce08d4_20260312_103932.md
2026-03-12 10:47:37,578 - GmailWatcher - INFO - Found 1 new item(s)
2026-03-12 10:47:37,604 - GmailWatcher - INFO - Created action file: EMAIL_19ce0959_20260312_104737.md
2026-03-12 10:51:38,762 - GmailWatcher - INFO - Found 1 new item(s)
2026-03-12 10:51:38,774 - GmailWatcher - INFO - Created action file: EMAIL_19ce0996_20260312_105138.md
2026-03-12 11:03:45,462 - GmailWatcher - INFO - Found 1 new item(s)
2026-03-12 11:03:45,470 - GmailWatcher - INFO - Created action file: EMAIL_19ce0a36_20260312_110345.md
2026-03-12 12:24:43,317 - GmailWatcher - ERROR - Error checking Gmail: EOF occurred in violation of protocol (_ssl.c:2427)
2026-03-12 12:26:43,732 - GmailWatcher - ERROR - Error checking Gmail: [Errno 11001] getaddrinfo failed
2026-03-12 12:28:43,792 - GmailWatcher - ERROR - Error checking Gmail: Unable to find the server at oauth2.googleapis.com
2026-03-12 13:25:45,971 - GmailWatcher - ERROR - Error checking Gmail: Unable to find the server at oauth2.googleapis.com
2026-03-12 18:51:49,227 - GmailWatcher - ERROR - Error checking Gmail: Unable to find the server at oauth2.googleapis.com
2026-03-12 22:02:04,113 - GmailWatcher - ERROR - Error checking Gmail: Unable to find the server at oauth2.googleapis.com
