2026-03-09 00:03:38,554 - googleapiclient.discovery_cache - INFO - file_cache is only supported with oauth2client<4.0.0
2026-03-09 00:03:38,560 - GmailWatcher - INFO - Gmail Watcher initialized (credentials: E:\Personal-AI-Employee-Hackathon-0-FTEs\Silver-Tier\credentails.json)
2026-03-09 00:03:38,560 - GmailWatcher - INFO - Starting GmailWatcher
2026-03-09 00:03:38,560 - GmailWatcher - INFO - Vault path: E:\Personal-AI-Employee-Hackathon-0-FTEs\Silver-Tier\AI_Employee_Vault
2026-03-09 00:03:38,560 - GmailWatcher - INFO - Check interval: 120s
2026-03-09 00:03:38,560 - GmailWatcher - INFO - Dry run: False
2026-03-09 00:15:29,075 - GmailWatcher - INFO - Watcher stopped by user
2026-03-09 00:15:29,139 - GmailWatcher - INFO - ==================================================
2026-03-09 00:15:29,139 - GmailWatcher - INFO - Watcher Statistics:
2026-03-09 00:15:29,152 - GmailWatcher - INFO -   Runtime: 0:11:52.936352
2026-03-09 00:15:29,152 - GmailWatcher - INFO -   Items processed: 0
2026-03-09 00:15:29,155 - GmailWatcher - INFO -   Files created: 0
2026-03-09 00:15:29,155 - GmailWatcher - INFO -   Errors: 0
2026-03-09 00:15:29,156 - GmailWatcher - INFO - ==================================================
2026-03-09 00:15:38,212 - googleapiclient.discovery_cache - INFO - file_cache is only supported with oauth2client<4.0.0
2026-03-09 00:15:38,217 - GmailWatcher - INFO - Gmail Watcher initialized (credentials: E:\Personal-AI-Employee-Hackathon-0-FTEs\Silver-Tier\credentails.json)
2026-03-09 00:15:38,222 - GmailWatcher - INFO - Starting GmailWatcher
2026-03-09 00:15:38,222 - GmailWatcher - INFO - Vault path: E:\Personal-AI-Employee-Hackathon-0-FTEs\Silver-Tier\AI_Employee_Vault
2026-03-09 00:15:38,222 - GmailWatcher - INFO - Check interval: 120s
2026-03-09 00:15:38,222 - GmailWatcher - INFO - Dry run: False
2026-03-09 00:17:40,749 - googleapiclient.discovery_cache - INFO - file_cache is only supported with oauth2client<4.0.0
2026-03-09 00:17:40,759 - GmailWatcher - INFO - Gmail Watcher initialized (credentials: E:\Personal-AI-Employee-Hackathon-0-FTEs\Silver-Tier\credentails.json)
2026-03-09 00:17:40,759 - GmailWatcher - INFO - Starting GmailWatcher
2026-03-09 00:17:40,761 - GmailWatcher - INFO - Vault path: E:\Personal-AI-Employee-Hackathon-0-FTEs\Silver-Tier\AI_Employee_Vault
2026-03-09 00:17:40,761 - GmailWatcher - INFO - Check interval: 120s
2026-03-09 00:17:40,761 - GmailWatcher - INFO - Dry run: False
2026-03-09 06:11:01,582 - google_auth_oauthlib.flow - INFO - Please visit this URL to authorize this application: https://accounts.google.com/o/oauth2/auth?response_type=code&client_id=295166291111-cf2h1glb2mr3mt4tk5idjl4iourkqhn2.apps.googleusercontent.com&redirect_uri=http%3A%2F%2Flocalhost%3A57939%2F&scope=https%3A%2F%2Fwww.googleapis.com%2Fauth%2Fgmail.readonly&state=sMkYueubhCk25MoxIQ3dZGmvsPtLz2&code_challenge=4xJrcpAkhmppgCw5TNKa3LaizA2wKLSUdt8-9_gwFCk&code_challenge_method=S256&access_type=offline
2026-03-09 15:22:10,366 - google_auth_oauthlib.flow - INFO - Please visit this URL to authorize this application: https://accounts.google.com/o/oauth2/auth?response_type=code&client_id=295166291111-cf2h1glb2mr3mt4tk5idjl4iourkqhn2.apps.googleusercontent.com&redirect_uri=http%3A%2F%2Flocalhost%3A60776%2F&scope=https%3A%2F%2Fwww.googleapis.com%2Fauth%2Fgmail.readonly&state=oGyISveOS9LvG3Uq1alOMSw67C0nYW&code_challenge=YOYnI6B0_YBDoSHE1yxrKkNvYtkOzQZ6G7dfMX9HJsY&code_challenge_method=S256&access_type=offline
2026-03-09 22:07:46,426 - google_auth_oauthlib.flow - INFO - Please visit this URL to authorize this application: https://accounts.google.com/o/oauth2/auth?response_type=code&client_id=295166291111-cf2h1glb2mr3mt4tk5idjl4iourkqhn2.apps.googleusercontent.com&redirect_uri=http%3A%2F%2Flocalhost%3A54044%2F&scope=https%3A%2F%2Fwww.googleapis.com%2Fauth%2Fgmail.readonly&state=4jWC5WKAXuPKNIFw9X8PvgVJLMXR8c&code_challenge=daLG2GR5_ER6RZi_VXvFVl31pzI7tebnLegHk1myr2Y&code_challenge_method=S256&access_type=offline
2026-03-09 22:10:42,532 - google_auth_oauthlib.flow - INFO - "GET /?state=4jWC5WKAXuPKNIFw9X8PvgVJLMXR8c&iss=https://accounts.google.com&code=4/0AfrIepDpGY1PuCP220kM2l2YuEsU653q2b22psUD24Ze2ROyW64j-IiXYuGyqfTRk5n2Pw&scope=https://www.googleapis.com/auth/gmail.readonly HTTP/1.1" 200 65
2026-03-09 22:10:44,830 - GmailWatcher - INFO - Gmail authentication successful
2026-03-09 22:10:44,985 - googleapiclient.discovery_cache - INFO - file_cache is only supported with oauth2client<4.0.0
2026-03-09 22:10:45,039 - GmailWatcher - INFO - Gmail Watcher initialized (credentials: E:\Personal-AI-Employee-Hackathon-0-FTEs\Silver-Tier\credentails.json)
2026-03-09 22:10:45,039 - GmailWatcher - INFO - Starting GmailWatcher
2026-03-09 22:10:45,039 - GmailWatcher - INFO - Vault path: E:\Personal-AI-Employee-Hackathon-0-FTEs\Silver-Tier\AI_Employee_Vault
2026-03-09 22:10:45,039 - GmailWatcher - INFO - Check interval: 120s
2026-03-09 22:10:45,039 - GmailWatcher - INFO - Dry run: False
2026-03-09 22:10:50,428 - GmailWatcher - INFO - Found 3 new item(s)
2026-03-09 22:10:50,444 - GmailWatcher - INFO - Created action file: EMAIL_19cd3946_20260309_221050.md
2026-03-09 22:10:50,448 - GmailWatcher - INFO - Created action file: EMAIL_19cd32d9_20260309_221050.md
2026-03-09 22:10:50,450 - GmailWatcher - INFO - Created action file: EMAIL_19cd23b6_20260309_221050.md
2026-03-09 22:15:31,301 - GmailWatcher - INFO - Watcher stopped by user
2026-03-09 22:15:31,301 - GmailWatcher - INFO - ==================================================
2026-03-09 22:15:31,301 - GmailWatcher - INFO - Watcher Statistics:
2026-03-09 22:15:31,301 - GmailWatcher - INFO -   Runtime: 0:07:54.116160
2026-03-09 22:15:31,301 - GmailWatcher - INFO -   Items processed: 3
2026-03-09 22:15:31,301 - GmailWatcher - INFO -   Files created: 3
2026-03-09 22:15:31,301 - GmailWatcher - INFO -   Errors: 0
2026-03-09 22:15:31,301 - GmailWatcher - INFO - ==================================================
2026-03-09 22:23:40,965 - googleapiclient.discovery_cache - INFO - file_cache is only supported with oauth2client<4.0.0
2026-03-09 22:23:40,968 - GmailWatcher - INFO - Gmail Watcher initialized (credentials: E:\Personal-AI-Employee-Hackathon-0-FTEs\Silver-Tier\credentails.json)
2026-03-09 22:23:40,968 - GmailWatcher - INFO - Starting GmailWatcher
2026-03-09 22:23:40,968 - GmailWatcher - INFO - Vault path: E:\Personal-AI-Employee-Hackathon-0-FTEs\Silver-Tier\AI_Employee_Vault
2026-03-09 22:23:40,968 - GmailWatcher - INFO - Check interval: 120s
2026-03-09 22:23:40,968 - GmailWatcher - INFO - Dry run: False
2026-03-09 22:40:02,322 - googleapiclient.discovery_cache - INFO - file_cache is only supported with oauth2client<4.0.0
2026-03-09 22:40:02,336 - GmailWatcher - INFO - Gmail Watcher initialized (credentials: E:\Personal-AI-Employee-Hackathon-0-FTEs\Silver-Tier\credentails.json)
2026-03-09 22:40:02,336 - GmailWatcher - INFO - Starting GmailWatcher
2026-03-09 22:40:02,336 - GmailWatcher - INFO - Vault path: E:\Personal-AI-Employee-Hackathon-0-FTEs\Silver-Tier\AI_Employee_Vault
2026-03-09 22:40:02,336 - GmailWatcher - INFO - Check interval: 120s
2026-03-09 22:40:02,336 - GmailWatcher - INFO - Dry run: False
2026-03-09 22:40:13,633 - googleapiclient.discovery_cache - INFO - file_cache is only supported with oauth2client<4.0.0
2026-03-09 22:40:13,639 - GmailWatcher - INFO - Gmail Watcher initialized (credentials: E:\Personal-AI-Employee-Hackathon-0-FTEs\Silver-Tier\credentails.json)
2026-03-09 22:40:13,639 - GmailWatcher - INFO - Starting GmailWatcher
2026-03-09 22:40:13,641 - GmailWatcher - INFO - Vault path: E:\Personal-AI-Employee-Hackathon-0-FTEs\Silver-Tier\AI_Employee_Vault
2026-03-09 22:40:13,641 - GmailWatcher - INFO - Check interval: 120s
2026-03-09 22:40:13,641 - GmailWatcher - INFO - Dry run: False
2026-03-09 22:43:51,481 - GmailWatcher - INFO - Found 1 new item(s)
2026-03-09 22:43:51,503 - GmailWatcher - INFO - Created action file: EMAIL_19cd3b18_20260309_224351.md
2026-03-09 22:44:04,153 - GmailWatcher - INFO - Watcher stopped by user
2026-03-09 22:44:04,153 - GmailWatcher - INFO - ==================================================
2026-03-09 22:44:04,153 - GmailWatcher - INFO - Watcher Statistics:
2026-03-09 22:44:04,153 - GmailWatcher - INFO -   Runtime: 0:20:28.129181
2026-03-09 22:44:04,153 - GmailWatcher - INFO -   Items processed: 1
2026-03-09 22:44:04,162 - GmailWatcher - INFO -   Files created: 1
2026-03-09 22:44:04,162 - GmailWatcher - INFO -   Errors: 0
2026-03-09 22:44:04,162 - GmailWatcher - INFO - ==================================================
2026-03-09 22:50:02,650 - googleapiclient.discovery_cache - INFO - file_cache is only supported with oauth2client<4.0.0
2026-03-09 22:50:02,708 - GmailWatcher - INFO - Gmail Watcher initialized (credentials: E:\Personal-AI-Employee-Hackathon-0-FTEs\Silver-Tier\credentails.json)
2026-03-09 22:50:02,708 - GmailWatcher - INFO - Starting GmailWatcher
2026-03-09 22:50:02,718 - GmailWatcher - INFO - Vault path: E:\Personal-AI-Employee-Hackathon-0-FTEs\Silver-Tier\AI_Employee_Vault
2026-03-09 22:50:02,718 - GmailWatcher - INFO - Check interval: 120s
2026-03-09 22:50:02,718 - GmailWatcher - INFO - Dry run: False
2026-03-09 22:52:04,642 - googleapiclient.discovery_cache - INFO - file_cache is only supported with oauth2client<4.0.0
2026-03-09 22:52:04,658 - GmailWatcher - INFO - Gmail Watcher initialized (credentials: E:\Personal-AI-Employee-Hackathon-0-FTEs\Silver-Tier\credentails.json)
2026-03-09 22:52:04,658 - GmailWatcher - INFO - Starting GmailWatcher
2026-03-09 22:52:04,663 - GmailWatcher - INFO - Vault path: E:\Personal-AI-Employee-Hackathon-0-FTEs\Silver-Tier\AI_Employee_Vault
2026-03-09 22:52:04,663 - GmailWatcher - INFO - Check interval: 120s
2026-03-09 22:52:04,663 - GmailWatcher - INFO - Dry run: False
2026-03-09 22:54:04,226 - googleapiclient.discovery_cache - INFO - file_cache is only supported with oauth2client<4.0.0
2026-03-09 22:54:04,226 - GmailWatcher - INFO - Gmail Watcher initialized (credentials: E:\Personal-AI-Employee-Hackathon-0-FTEs\Silver-Tier\credentails.json)
2026-03-09 22:54:04,226 - GmailWatcher - INFO - Starting GmailWatcher
2026-03-09 22:54:04,226 - GmailWatcher - INFO - Vault path: E:\Personal-AI-Employee-Hackathon-0-FTEs\Silver-Tier\AI_Employee_Vault
2026-03-09 22:54:04,226 - GmailWatcher - INFO - Check interval: 120s
2026-03-09 22:54:04,226 - GmailWatcher - INFO - Dry run: False
2026-03-09 22:56:02,753 - googleapiclient.discovery_cache - INFO - file_cache is only supported with oauth2client<4.0.0
2026-03-09 22:56:02,765 - GmailWatcher - INFO - Gmail Watcher initialized (credentials: E:\Personal-AI-Employee-Hackathon-0-FTEs\Silver-Tier\credentails.json)
2026-03-09 22:56:02,765 - GmailWatcher - INFO - Starting GmailWatcher
2026-03-09 22:56:02,767 - GmailWatcher - INFO - Vault path: E:\Personal-AI-Employee-Hackathon-0-FTEs\Silver-Tier\AI_Employee_Vault
2026-03-09 22:56:02,767 - GmailWatcher - INFO - Check interval: 120s
2026-03-09 22:56:02,767 - GmailWatcher - INFO - Dry run: False
2026-03-09 23:00:02,739 - google_auth_oauthlib.flow - INFO - Please visit this URL to authorize this application: https://accounts.google.com/o/oauth2/auth?response_type=code&client_id=295166291111-cf2h1glb2mr3mt4tk5idjl4iourkqhn2.apps.googleusercontent.com&redirect_uri=http%3A%2F%2Flocalhost%3A54889%2F&scope=https%3A%2F%2Fwww.googleapis.com%2Fauth%2Fgmail.readonly&state=CyMx45lakotcac8NMwRpK4EQnBgrou&code_challenge=2ff64Ec0_zgObEIHoHdY4O9x_pfQdE_98B7C6kZzqFQ&code_challenge_method=S256&access_type=offline
2026-03-09 23:00:15,707 - google_auth_oauthlib.flow - INFO - "GET /?state=CyMx45lakotcac8NMwRpK4EQnBgrou&iss=https://accounts.google.com&code=4/0AfrIepBOyeheCM-KW4DP3v07dmwqSH7W4uq-w1gBUExWqt-EaKREz0s2FU15lD_2OptrwA&scope=https://www.googleapis.com/auth/gmail.readonly HTTP/1.1" 200 65
2026-03-09 23:00:17,058 - GmailWatcher - INFO - Gmail authentication successful
2026-03-09 23:00:17,091 - googleapiclient.discovery_cache - INFO - file_cache is only supported with oauth2client<4.0.0
2026-03-09 23:00:17,099 - GmailWatcher - INFO - Gmail Watcher initialized (credentials: E:\Personal-AI-Employee-Hackathon-0-FTEs\Silver-Tier\credentails.json)
2026-03-09 23:00:17,100 - GmailWatcher - INFO - Starting GmailWatcher
2026-03-09 23:00:17,101 - GmailWatcher - INFO - Vault path: E:\Personal-AI-Employee-Hackathon-0-FTEs\Silver-Tier\AI_Employee_Vault
2026-03-09 23:00:17,101 - GmailWatcher - INFO - Check interval: 120s
2026-03-09 23:00:17,101 - GmailWatcher - INFO - Dry run: False
2026-03-09 23:02:20,915 - GmailWatcher - INFO - Found 1 new item(s)
2026-03-09 23:02:20,935 - GmailWatcher - INFO - Created action file: EMAIL_19cd3c2f_20260309_230220.md
2026-03-09 23:24:29,943 - GmailWatcher - INFO - Found 1 new item(s)
2026-03-09 23:24:29,959 - GmailWatcher - INFO - Created action file: EMAIL_19cd3d7c_20260309_232429.md
2026-03-10 12:28:41,095 - GmailWatcher - ERROR - Error checking Gmail: Unable to find the server at oauth2.googleapis.com
2026-03-10 12:30:53,229 - GmailWatcher - ERROR - Error checking Gmail: Unable to find the server at oauth2.googleapis.com
2026-03-10 12:32:55,743 - GmailWatcher - ERROR - Error checking Gmail: EOF occurred in violation of protocol (_ssl.c:2427)
2026-03-10 12:34:58,806 - GmailWatcher - INFO - Found 1 new item(s)
2026-03-10 12:34:58,831 - GmailWatcher - INFO - Created action file: EMAIL_19cd6499_20260310_123458.md
2026-03-10 12:49:04,004 - GmailWatcher - INFO - Found 1 new item(s)
2026-03-10 12:49:04,033 - GmailWatcher - INFO - Created action file: EMAIL_19cd6b78_20260310_124904.md
2026-03-10 22:41:08,509 - GmailWatcher - ERROR - Error checking Gmail: EOF occurred in violation of protocol (_ssl.c:2427)
2026-03-10 22:43:09,086 - GmailWatcher - ERROR - Error checking Gmail: [Errno 11001] getaddrinfo failed
2026-03-10 22:45:09,096 - GmailWatcher - ERROR - Error checking Gmail: Unable to find the server at oauth2.googleapis.com
2026-03-10 22:47:09,136 - GmailWatcher - ERROR - Error checking Gmail: Unable to find the server at oauth2.googleapis.com
2026-03-10 22:49:09,150 - GmailWatcher - ERROR - Error checking Gmail: Unable to find the server at oauth2.googleapis.com
2026-03-10 22:51:09,156 - GmailWatcher - ERROR - Error checking Gmail: Unable to find the server at oauth2.googleapis.com
2026-03-10 22:53:09,175 - GmailWatcher - ERROR - Error checking Gmail: Unable to find the server at oauth2.googleapis.com
2026-03-10 23:04:36,489 - GmailWatcher - ERROR - Error checking Gmail: Unable to find the server at oauth2.googleapis.com
